$ bun --filter @bp/pipeline-v2 cli -- findings run-detector --detector-id permit_correlated_slowdown --year "2026" --month "3" --write-db false --output data/artifacts/detector-calibration-permit-correlated-slowdown/no-write-run.json
@bp/pipeline-v2 cli: {
@bp/pipeline-v2 cli:   "detectorId": "permit_correlated_slowdown",
@bp/pipeline-v2 cli:   "releaseMonth": "2026-03",
@bp/pipeline-v2 cli:   "outputPath": "data/artifacts/detector-calibration-permit-correlated-slowdown/no-write-run.json",
@bp/pipeline-v2 cli:   "wroteDb": false,
@bp/pipeline-v2 cli:   "featureCount": 380,
@bp/pipeline-v2 cli:   "candidateCount": 28,
@bp/pipeline-v2 cli:   "coverageCount": 380
@bp/pipeline-v2 cli: }
@bp/pipeline-v2 cli: Exited with code 0
$ bun --filter @bp/pipeline-v2 cli -- findings run-detector --detector-id permit_correlated_slowdown --year "2026" --month "3" --write-db false --candidate-limit "20000" --output "data/artifacts/detector-calibration-permit-correlated-slowdown/no-write-run-limit20000.json"
@bp/pipeline-v2 cli: {
@bp/pipeline-v2 cli:   "detectorId": "permit_correlated_slowdown",
@bp/pipeline-v2 cli:   "releaseMonth": "2026-03",
@bp/pipeline-v2 cli:   "outputPath": "data/artifacts/detector-calibration-permit-correlated-slowdown/no-write-run-limit20000.json",
@bp/pipeline-v2 cli:   "wroteDb": false,
@bp/pipeline-v2 cli:   "featureCount": 380,
@bp/pipeline-v2 cli:   "candidateCount": 28,
@bp/pipeline-v2 cli:   "coverageCount": 380
@bp/pipeline-v2 cli: }
@bp/pipeline-v2 cli: Exited with code 0
